../Core/Src/main.c:79:6:HAL_UART_RxCpltCallback	16	static
../Core/Src/main.c:95:5:main	8	static
../Core/Src/main.c:201:6:SystemClock_Config	88	static
../Core/Src/main.c:248:13:MX_TIM1_Init	96	static
../Core/Src/main.c:340:13:MX_TIM2_Init	64	static
../Core/Src/main.c:407:13:MX_TIM3_Init	64	static
../Core/Src/main.c:478:13:MX_TIM4_Init	64	static
../Core/Src/main.c:549:13:MX_TIM5_Init	64	static
../Core/Src/main.c:608:13:MX_USART2_UART_Init	8	static
../Core/Src/main.c:641:13:MX_GPIO_Init	48	static
../Core/Src/main.c:693:6:Error_Handler	4	static,ignoring_inline_asm
