../Core/Src/main.c:77:6:HAL_UART_RxCpltCallback	16	static
../Core/Src/main.c:93:5:main	8	static
../Core/Src/main.c:157:6:SystemClock_Config	88	static
../Core/Src/main.c:204:13:MX_TIM1_Init	96	static
../Core/Src/main.c:283:13:MX_TIM2_Init	64	static
../Core/Src/main.c:342:13:MX_TIM3_Init	64	static
../Core/Src/main.c:401:13:MX_TIM4_Init	64	static
../Core/Src/main.c:460:13:MX_USART2_UART_Init	8	static
../Core/Src/main.c:493:13:MX_GPIO_Init	48	static
../Core/Src/main.c:545:6:Error_Handler	4	static,ignoring_inline_asm
